defined kernel ___deregister_frame_info
defined kernel ___enable_execute_stack
defined kernel ___register_frame_info
defined kernel _grub_abort
defined kernel _grub_bios_interrupt
defined kernel _grub_boot_device
defined kernel _grub_command_list
defined kernel _grub_current_context
defined kernel _grub_device_close
defined kernel _grub_device_iterate
defined kernel _grub_device_open
defined kernel _grub_disk_close
defined kernel _grub_disk_dev_list
defined kernel _grub_disk_dev_register
defined kernel _grub_disk_dev_unregister
defined kernel _grub_disk_firmware_fini
defined kernel _grub_disk_firmware_is_tainted
defined kernel _grub_disk_get_size
defined kernel _grub_disk_open
defined kernel _grub_disk_read
defined kernel _grub_disk_write
defined kernel _grub_divmod64
defined kernel _grub_dl_get
defined kernel _grub_dl_head
defined kernel _grub_dl_load
defined kernel _grub_dl_ref
defined kernel _grub_dl_unload
defined kernel _grub_dl_unref
defined kernel _grub_env_export
defined kernel _grub_env_get
defined kernel _grub_env_iterate
defined kernel _grub_env_set
defined kernel _grub_env_unset
defined kernel _grub_err_printed_errors
defined kernel _grub_errmsg
defined kernel _grub_errno
defined kernel _grub_error
defined kernel _grub_error_pop
defined kernel _grub_error_push
defined kernel _grub_exit
defined kernel _grub_fatal
defined kernel _grub_file_close
defined kernel _grub_file_filters_all
defined kernel _grub_file_filters_enabled
defined kernel _grub_file_get_device_name
defined kernel _grub_file_open
defined kernel _grub_file_read
defined kernel _grub_file_seek
defined kernel _grub_free
defined kernel _grub_fs_autoload_hook
defined kernel _grub_fs_list
defined kernel _grub_fs_probe
defined kernel _grub_get_time_ms
defined kernel _grub_getkey
defined kernel _grub_getkey_noblock
defined kernel _grub_gettext
defined kernel _grub_isprint
defined kernel _grub_isspace
defined kernel _grub_list_push
defined kernel _grub_list_remove
defined kernel _grub_machine_fini
defined kernel _grub_machine_mmap_iterate
defined kernel _grub_malloc
defined kernel _grub_memalign
defined kernel _grub_memcmp
defined kernel _grub_memmove
defined kernel _grub_memset
defined kernel _grub_millisleep
defined kernel _grub_mm_base
defined kernel _grub_modbase
defined kernel _grub_named_list_find
defined kernel _grub_net_open
defined kernel _grub_net_poll_cards_idle
defined kernel _grub_parser_cmdline_state
defined kernel _grub_parser_split_cmdline
defined kernel _grub_partition_get_name
defined kernel _grub_partition_iterate
defined kernel _grub_partition_map_list
defined kernel _grub_partition_probe
defined kernel _grub_pc_net_config
defined kernel _grub_pit_wait
defined kernel _grub_print_error
defined kernel _grub_printf
defined kernel _grub_printf_
defined kernel _grub_puts_
defined kernel _grub_pxe_call
defined kernel _grub_real_dprintf
defined kernel _grub_realidt
defined kernel _grub_realloc
defined kernel _grub_refresh
defined kernel _grub_register_command_prio
defined kernel _grub_register_variable_hook
defined kernel _grub_snprintf
defined kernel _grub_strchr
defined kernel _grub_strcmp
defined kernel _grub_strcpy
defined kernel _grub_strdup
defined kernel _grub_strlen
defined kernel _grub_strncmp
defined kernel _grub_strncpy
defined kernel _grub_strndup
defined kernel _grub_strrchr
defined kernel _grub_strtoul
defined kernel _grub_strtoull
defined kernel _grub_strword
defined kernel _grub_term_inputs
defined kernel _grub_term_inputs_disabled
defined kernel _grub_term_outputs
defined kernel _grub_term_outputs_disabled
defined kernel _grub_term_poll_usb
defined kernel _grub_unregister_command
defined kernel _grub_vprintf
defined kernel _grub_vsnprintf
defined kernel _grub_xasprintf
defined kernel _grub_xputs
defined kernel _grub_xvasprintf
defined kernel _grub_zalloc
defined kernel _memcmp
defined kernel _memcpy
defined kernel _memmove
defined kernel _memset
